<testsuites id="" name="" tests="2" failures="2" skipped="0" errors="0" time="2.365525">
<testsuite name="e2e\memo-summarize.spec.ts" timestamp="2026-03-27T06:39:36.407Z" hostname="chromium" tests="2" failures="2" skipped="0" time="0.012" errors="0">
<testcase name="메모 상세 AI 요약 › Gemini 요약 버튼 클릭 시 요약 결과가 표시된다" classname="e2e\memo-summarize.spec.ts" time="0.005">
<failure message="memo-summarize.spec.ts:7:7 Gemini 요약 버튼 클릭 시 요약 결과가 표시된다" type="FAILURE">
<![CDATA[  [chromium] › e2e\memo-summarize.spec.ts:7:7 › 메모 상세 AI 요약 › Gemini 요약 버튼 클릭 시 요약 결과가 표시된다 ────────

    Error: browserType.launch: Executable doesn't exist at C:\Users\masocampus\AppData\Local\ms-playwright\chromium_headless_shell-1181\chrome-win\headless_shell.exe
    ╔═════════════════════════════════════════════════════════════════════════╗
    ║ Looks like Playwright Test or Playwright was just installed or updated. ║
    ║ Please run the following command to download new browsers:              ║
    ║                                                                         ║
    ║     npx playwright install                                              ║
    ║                                                                         ║
    ║ <3 Playwright Team                                                      ║
    ╚═════════════════════════════════════════════════════════════════════════╝
]]>
</failure>
</testcase>
<testcase name="메모 상세 AI 요약 › API 오류 시 사용자에게 오류 메시지를 보여준다" classname="e2e\memo-summarize.spec.ts" time="0.007">
<failure message="memo-summarize.spec.ts:38:7 API 오류 시 사용자에게 오류 메시지를 보여준다" type="FAILURE">
<![CDATA[  [chromium] › e2e\memo-summarize.spec.ts:38:7 › 메모 상세 AI 요약 › API 오류 시 사용자에게 오류 메시지를 보여준다 ─────────

    Error: browserType.launch: Executable doesn't exist at C:\Users\masocampus\AppData\Local\ms-playwright\chromium_headless_shell-1181\chrome-win\headless_shell.exe
    ╔═════════════════════════════════════════════════════════════════════════╗
    ║ Looks like Playwright Test or Playwright was just installed or updated. ║
    ║ Please run the following command to download new browsers:              ║
    ║                                                                         ║
    ║     npx playwright install                                              ║
    ║                                                                         ║
    ║ <3 Playwright Team                                                      ║
    ╚═════════════════════════════════════════════════════════════════════════╝
]]>
</failure>
</testcase>
</testsuite>
</testsuites>